[0.011s] Invoking command in '/home/step-len02/my_test/build/server': CMAKE_PREFIX_PATH=${CMAKE_PREFIX_PATH}:/opt/ros/humble PS1=\[\e]0;$(parse_ros_workspace)\a\]\[\e[1;32m\]\u\[\[\e[0;37m\]@\[\[\e[0;33m\]\h\[\[\e[1;33m\]${text}\[\[\e[0;37m\]:\[$(set_ros_workspace_color)\]$(parse_ros_workspace)\[\[\e[0;32m\]$(parse_git_bracket)\[$(set_git_color)\]$(get_gitbranch)\[\e[0;32m\]>\[\e[1;35m\]\W\[\[\e[1;35m\]$\[\[\e[0m\]\[\e[m\] /usr/bin/cmake /home/step-len02/my_test/src/server -DCMAKE_INSTALL_PREFIX=/home/step-len02/my_test/install/server
[0.109s] -- The C compiler identification is GNU 11.4.0
[0.183s] -- The CXX compiler identification is GNU 11.4.0
[0.191s] -- Detecting C compiler ABI info
[0.265s] -- Detecting C compiler ABI info - done
[0.271s] -- Check for working C compiler: /usr/bin/cc - skipped
[0.271s] -- Detecting C compile features
[0.272s] -- Detecting C compile features - done
[0.275s] -- Detecting CXX compiler ABI info
[0.360s] -- Detecting CXX compiler ABI info - done
[0.379s] -- Check for working CXX compiler: /usr/bin/c++ - skipped
[0.380s] -- Detecting CXX compile features
[0.381s] -- Detecting CXX compile features - done
[0.389s] -- Found ament_cmake: 1.3.12 (/opt/ros/humble/share/ament_cmake/cmake)
[0.545s] -- Found Python3: /usr/bin/python3 (found version "3.10.12") found components: Interpreter
[0.663s] -- Found rclcpp: 16.0.15 (/opt/ros/humble/share/rclcpp/cmake)
[0.703s] -- Found rosidl_generator_c: 3.1.7 (/opt/ros/humble/share/rosidl_generator_c/cmake)
[0.708s] -- Found rosidl_adapter: 3.1.7 (/opt/ros/humble/share/rosidl_adapter/cmake)
[0.716s] -- Found rosidl_generator_cpp: 3.1.7 (/opt/ros/humble/share/rosidl_generator_cpp/cmake)
[0.727s] -- Using all available rosidl_typesupport_c: rosidl_typesupport_fastrtps_c;rosidl_typesupport_introspection_c
[0.743s] -- Using all available rosidl_typesupport_cpp: rosidl_typesupport_fastrtps_cpp;rosidl_typesupport_introspection_cpp
[0.784s] -- Found rmw_implementation_cmake: 6.1.2 (/opt/ros/humble/share/rmw_implementation_cmake/cmake)
[0.787s] -- Found rmw_fastrtps_cpp: 6.2.9 (/opt/ros/humble/share/rmw_fastrtps_cpp/cmake)
[0.920s] -- Found OpenSSL: /usr/lib/x86_64-linux-gnu/libcrypto.so (found version "3.0.2")
[0.948s] -- Found FastRTPS: /opt/ros/humble/include
[0.993s] -- Using RMW implementation 'rmw_fastrtps_cpp' as default
[1.001s] -- Looking for pthread.h
[1.095s] -- Looking for pthread.h - found
[1.096s] -- Performing Test CMAKE_HAVE_LIBC_PTHREAD
[1.186s] -- Performing Test CMAKE_HAVE_LIBC_PTHREAD - Success
[1.187s] -- Found Threads: TRUE
[1.233s] -- Found ament_lint_auto: 0.12.14 (/opt/ros/humble/share/ament_lint_auto/cmake)
[1.314s] -- Added test 'cppcheck' to perform static code analysis on C / C++ code
[1.314s] -- Configured cppcheck include dirs:
[1.314s] -- Configured cppcheck exclude dirs and/or files:
[1.315s] -- Added test 'lint_cmake' to check CMake code style
[1.316s] -- Added test 'uncrustify' to check C / C++ code style
[1.316s] -- Configured uncrustify additional arguments:
[1.316s] -- Added test 'xmllint' to check XML markup files
[1.318s] -- Configuring done
[1.326s] -- Generating done
[1.329s] -- Build files have been written to: /home/step-len02/my_test/build/server
[1.338s] Invoked command in '/home/step-len02/my_test/build/server' returned '0': CMAKE_PREFIX_PATH=${CMAKE_PREFIX_PATH}:/opt/ros/humble PS1=\[\e]0;$(parse_ros_workspace)\a\]\[\e[1;32m\]\u\[\[\e[0;37m\]@\[\[\e[0;33m\]\h\[\[\e[1;33m\]${text}\[\[\e[0;37m\]:\[$(set_ros_workspace_color)\]$(parse_ros_workspace)\[\[\e[0;32m\]$(parse_git_bracket)\[$(set_git_color)\]$(get_gitbranch)\[\e[0;32m\]>\[\e[1;35m\]\W\[\[\e[1;35m\]$\[\[\e[0m\]\[\e[m\] /usr/bin/cmake /home/step-len02/my_test/src/server -DCMAKE_INSTALL_PREFIX=/home/step-len02/my_test/install/server
[1.341s] Invoking command in '/home/step-len02/my_test/build/server': CMAKE_PREFIX_PATH=${CMAKE_PREFIX_PATH}:/opt/ros/humble PS1=\[\e]0;$(parse_ros_workspace)\a\]\[\e[1;32m\]\u\[\[\e[0;37m\]@\[\[\e[0;33m\]\h\[\[\e[1;33m\]${text}\[\[\e[0;37m\]:\[$(set_ros_workspace_color)\]$(parse_ros_workspace)\[\[\e[0;32m\]$(parse_git_bracket)\[$(set_git_color)\]$(get_gitbranch)\[\e[0;32m\]>\[\e[1;35m\]\W\[\[\e[1;35m\]$\[\[\e[0m\]\[\e[m\] /usr/bin/cmake --build /home/step-len02/my_test/build/server -- -j12 -l12
[1.410s] [ 50%] [32mBuilding CXX object CMakeFiles/server_node.dir/src/server.cpp.o[0m
[3.966s] [100%] [32m[1mLinking CXX executable server_node[0m
[4.108s] [100%] Built target server_node
[4.138s] Invoked command in '/home/step-len02/my_test/build/server' returned '0': CMAKE_PREFIX_PATH=${CMAKE_PREFIX_PATH}:/opt/ros/humble PS1=\[\e]0;$(parse_ros_workspace)\a\]\[\e[1;32m\]\u\[\[\e[0;37m\]@\[\[\e[0;33m\]\h\[\[\e[1;33m\]${text}\[\[\e[0;37m\]:\[$(set_ros_workspace_color)\]$(parse_ros_workspace)\[\[\e[0;32m\]$(parse_git_bracket)\[$(set_git_color)\]$(get_gitbranch)\[\e[0;32m\]>\[\e[1;35m\]\W\[\[\e[1;35m\]$\[\[\e[0m\]\[\e[m\] /usr/bin/cmake --build /home/step-len02/my_test/build/server -- -j12 -l12
[4.141s] Invoking command in '/home/step-len02/my_test/build/server': CMAKE_PREFIX_PATH=${CMAKE_PREFIX_PATH}:/opt/ros/humble PS1=\[\e]0;$(parse_ros_workspace)\a\]\[\e[1;32m\]\u\[\[\e[0;37m\]@\[\[\e[0;33m\]\h\[\[\e[1;33m\]${text}\[\[\e[0;37m\]:\[$(set_ros_workspace_color)\]$(parse_ros_workspace)\[\[\e[0;32m\]$(parse_git_bracket)\[$(set_git_color)\]$(get_gitbranch)\[\e[0;32m\]>\[\e[1;35m\]\W\[\[\e[1;35m\]$\[\[\e[0m\]\[\e[m\] /usr/bin/cmake --install /home/step-len02/my_test/build/server
[4.159s] -- Install configuration: ""
[4.159s] -- Installing: /home/step-len02/my_test/install/server/lib/server/server_node
[4.161s] -- Set runtime path of "/home/step-len02/my_test/install/server/lib/server/server_node" to ""
[4.161s] -- Installing: /home/step-len02/my_test/install/server/share/ament_index/resource_index/package_run_dependencies/server
[4.162s] -- Installing: /home/step-len02/my_test/install/server/share/ament_index/resource_index/parent_prefix_path/server
[4.163s] -- Installing: /home/step-len02/my_test/install/server/share/server/environment/ament_prefix_path.sh
[4.163s] -- Installing: /home/step-len02/my_test/install/server/share/server/environment/ament_prefix_path.dsv
[4.163s] -- Installing: /home/step-len02/my_test/install/server/share/server/environment/path.sh
[4.164s] -- Installing: /home/step-len02/my_test/install/server/share/server/environment/path.dsv
[4.164s] -- Installing: /home/step-len02/my_test/install/server/share/server/local_setup.bash
[4.164s] -- Installing: /home/step-len02/my_test/install/server/share/server/local_setup.sh
[4.165s] -- Installing: /home/step-len02/my_test/install/server/share/server/local_setup.zsh
[4.165s] -- Installing: /home/step-len02/my_test/install/server/share/server/local_setup.dsv
[4.165s] -- Installing: /home/step-len02/my_test/install/server/share/server/package.dsv
[4.165s] -- Installing: /home/step-len02/my_test/install/server/share/ament_index/resource_index/packages/server
[4.166s] -- Installing: /home/step-len02/my_test/install/server/share/server/cmake/serverConfig.cmake
[4.166s] -- Installing: /home/step-len02/my_test/install/server/share/server/cmake/serverConfig-version.cmake
[4.166s] -- Installing: /home/step-len02/my_test/install/server/share/server/package.xml
[4.170s] Invoked command in '/home/step-len02/my_test/build/server' returned '0': CMAKE_PREFIX_PATH=${CMAKE_PREFIX_PATH}:/opt/ros/humble PS1=\[\e]0;$(parse_ros_workspace)\a\]\[\e[1;32m\]\u\[\[\e[0;37m\]@\[\[\e[0;33m\]\h\[\[\e[1;33m\]${text}\[\[\e[0;37m\]:\[$(set_ros_workspace_color)\]$(parse_ros_workspace)\[\[\e[0;32m\]$(parse_git_bracket)\[$(set_git_color)\]$(get_gitbranch)\[\e[0;32m\]>\[\e[1;35m\]\W\[\[\e[1;35m\]$\[\[\e[0m\]\[\e[m\] /usr/bin/cmake --install /home/step-len02/my_test/build/server
