[0.086s] DEBUG:colcon:Command line arguments: ['/usr/bin/colcon', 'build']
[0.086s] DEBUG:colcon:Parsed command line arguments: Namespace(log_base=None, log_level=None, verb_name='build', build_base='build', install_base='install', merge_install=False, symlink_install=False, test_result_base=None, continue_on_error=False, executor='parallel', parallel_workers=12, event_handlers=None, ignore_user_meta=False, metas=['./colcon.meta'], base_paths=['.'], packages_ignore=None, packages_ignore_regex=None, paths=None, packages_up_to=None, packages_up_to_regex=None, packages_above=None, packages_above_and_dependencies=None, packages_above_depth=None, packages_select_by_dep=None, packages_skip_by_dep=None, packages_skip_up_to=None, packages_select_build_failed=False, packages_skip_build_finished=False, packages_select_test_failures=False, packages_skip_test_passed=False, packages_select=None, packages_skip=None, packages_select_regex=None, packages_skip_regex=None, packages_start=None, packages_end=None, allow_overriding=[], cmake_args=None, cmake_target=None, cmake_target_skip_unavailable=False, cmake_clean_cache=False, cmake_clean_first=False, cmake_force_configure=False, ament_cmake_args=None, catkin_cmake_args=None, catkin_skip_building_tests=False, verb_parser=<colcon_defaults.argument_parser.defaults.DefaultArgumentsDecorator object at 0x78be8ee4e1a0>, verb_extension=<colcon_core.verb.build.BuildVerb object at 0x78be8efc6f20>, main=<bound method BuildVerb.main of <colcon_core.verb.build.BuildVerb object at 0x78be8efc6f20>>)
[0.225s] Level 1:colcon.colcon_core.package_discovery:discover_packages(colcon_meta) check parameters
[0.225s] Level 1:colcon.colcon_core.package_discovery:discover_packages(recursive) check parameters
[0.225s] Level 1:colcon.colcon_core.package_discovery:discover_packages(ignore) check parameters
[0.225s] Level 1:colcon.colcon_core.package_discovery:discover_packages(path) check parameters
[0.225s] Level 1:colcon.colcon_core.package_discovery:discover_packages(colcon_meta) discover
[0.225s] Level 1:colcon.colcon_core.package_discovery:discover_packages(recursive) discover
[0.225s] INFO:colcon.colcon_core.package_discovery:Crawling recursively for packages in '/home/step-len02/my_test'
[0.225s] Level 1:colcon.colcon_core.package_identification:_identify(.) by extensions ['ignore', 'ignore_ament_install']
[0.225s] Level 1:colcon.colcon_core.package_identification:_identify(.) by extension 'ignore'
[0.225s] Level 1:colcon.colcon_core.package_identification:_identify(.) by extension 'ignore_ament_install'
[0.225s] Level 1:colcon.colcon_core.package_identification:_identify(.) by extensions ['colcon_pkg']
[0.225s] Level 1:colcon.colcon_core.package_identification:_identify(.) by extension 'colcon_pkg'
[0.225s] Level 1:colcon.colcon_core.package_identification:_identify(.) by extensions ['colcon_meta']
[0.225s] Level 1:colcon.colcon_core.package_identification:_identify(.) by extension 'colcon_meta'
[0.225s] Level 1:colcon.colcon_core.package_identification:_identify(.) by extensions ['ros']
[0.225s] Level 1:colcon.colcon_core.package_identification:_identify(.) by extension 'ros'
[0.235s] Level 1:colcon.colcon_core.package_identification:_identify(.) by extensions ['cmake', 'python']
[0.235s] Level 1:colcon.colcon_core.package_identification:_identify(.) by extension 'cmake'
[0.235s] Level 1:colcon.colcon_core.package_identification:_identify(.) by extension 'python'
[0.235s] Level 1:colcon.colcon_core.package_identification:_identify(.) by extensions ['python_setup_py']
[0.235s] Level 1:colcon.colcon_core.package_identification:_identify(.) by extension 'python_setup_py'
[0.235s] Level 1:colcon.colcon_core.package_identification:_identify(build) by extensions ['ignore', 'ignore_ament_install']
[0.235s] Level 1:colcon.colcon_core.package_identification:_identify(build) by extension 'ignore'
[0.235s] Level 1:colcon.colcon_core.package_identification:_identify(build) ignored
[0.235s] Level 1:colcon.colcon_core.package_identification:_identify(install) by extensions ['ignore', 'ignore_ament_install']
[0.235s] Level 1:colcon.colcon_core.package_identification:_identify(install) by extension 'ignore'
[0.235s] Level 1:colcon.colcon_core.package_identification:_identify(install) ignored
[0.235s] Level 1:colcon.colcon_core.package_identification:_identify(log) by extensions ['ignore', 'ignore_ament_install']
[0.235s] Level 1:colcon.colcon_core.package_identification:_identify(log) by extension 'ignore'
[0.235s] Level 1:colcon.colcon_core.package_identification:_identify(log) ignored
[0.235s] Level 1:colcon.colcon_core.package_identification:_identify(src) by extensions ['ignore', 'ignore_ament_install']
[0.235s] Level 1:colcon.colcon_core.package_identification:_identify(src) by extension 'ignore'
[0.235s] Level 1:colcon.colcon_core.package_identification:_identify(src) by extension 'ignore_ament_install'
[0.235s] Level 1:colcon.colcon_core.package_identification:_identify(src) by extensions ['colcon_pkg']
[0.236s] Level 1:colcon.colcon_core.package_identification:_identify(src) by extension 'colcon_pkg'
[0.236s] Level 1:colcon.colcon_core.package_identification:_identify(src) by extensions ['colcon_meta']
[0.236s] Level 1:colcon.colcon_core.package_identification:_identify(src) by extension 'colcon_meta'
[0.236s] Level 1:colcon.colcon_core.package_identification:_identify(src) by extensions ['ros']
[0.236s] Level 1:colcon.colcon_core.package_identification:_identify(src) by extension 'ros'
[0.236s] Level 1:colcon.colcon_core.package_identification:_identify(src) by extensions ['cmake', 'python']
[0.236s] Level 1:colcon.colcon_core.package_identification:_identify(src) by extension 'cmake'
[0.236s] Level 1:colcon.colcon_core.package_identification:_identify(src) by extension 'python'
[0.236s] Level 1:colcon.colcon_core.package_identification:_identify(src) by extensions ['python_setup_py']
[0.236s] Level 1:colcon.colcon_core.package_identification:_identify(src) by extension 'python_setup_py'
[0.236s] Level 1:colcon.colcon_core.package_identification:_identify(src/client) by extensions ['ignore', 'ignore_ament_install']
[0.236s] Level 1:colcon.colcon_core.package_identification:_identify(src/client) by extension 'ignore'
[0.236s] Level 1:colcon.colcon_core.package_identification:_identify(src/client) by extension 'ignore_ament_install'
[0.236s] Level 1:colcon.colcon_core.package_identification:_identify(src/client) by extensions ['colcon_pkg']
[0.236s] Level 1:colcon.colcon_core.package_identification:_identify(src/client) by extension 'colcon_pkg'
[0.236s] Level 1:colcon.colcon_core.package_identification:_identify(src/client) by extensions ['colcon_meta']
[0.236s] Level 1:colcon.colcon_core.package_identification:_identify(src/client) by extension 'colcon_meta'
[0.236s] Level 1:colcon.colcon_core.package_identification:_identify(src/client) by extensions ['ros']
[0.236s] Level 1:colcon.colcon_core.package_identification:_identify(src/client) by extension 'ros'
[0.238s] DEBUG:colcon.colcon_core.package_identification:Package 'src/client' with type 'ros.ament_cmake' and name 'client'
[0.238s] Level 1:colcon.colcon_core.package_identification:_identify(src/server) by extensions ['ignore', 'ignore_ament_install']
[0.238s] Level 1:colcon.colcon_core.package_identification:_identify(src/server) by extension 'ignore'
[0.239s] Level 1:colcon.colcon_core.package_identification:_identify(src/server) by extension 'ignore_ament_install'
[0.239s] Level 1:colcon.colcon_core.package_identification:_identify(src/server) by extensions ['colcon_pkg']
[0.239s] Level 1:colcon.colcon_core.package_identification:_identify(src/server) by extension 'colcon_pkg'
[0.239s] Level 1:colcon.colcon_core.package_identification:_identify(src/server) by extensions ['colcon_meta']
[0.239s] Level 1:colcon.colcon_core.package_identification:_identify(src/server) by extension 'colcon_meta'
[0.239s] Level 1:colcon.colcon_core.package_identification:_identify(src/server) by extensions ['ros']
[0.239s] Level 1:colcon.colcon_core.package_identification:_identify(src/server) by extension 'ros'
[0.239s] DEBUG:colcon.colcon_core.package_identification:Package 'src/server' with type 'ros.ament_cmake' and name 'server'
[0.239s] Level 1:colcon.colcon_core.package_discovery:discover_packages(recursive) using defaults
[0.239s] Level 1:colcon.colcon_core.package_discovery:discover_packages(ignore) discover
[0.239s] Level 1:colcon.colcon_core.package_discovery:discover_packages(ignore) using defaults
[0.239s] Level 1:colcon.colcon_core.package_discovery:discover_packages(path) discover
[0.239s] Level 1:colcon.colcon_core.package_discovery:discover_packages(path) using defaults
[0.268s] Level 1:colcon.colcon_core.package_discovery:discover_packages(prefix_path) check parameters
[0.268s] Level 1:colcon.colcon_core.package_discovery:discover_packages(prefix_path) discover
[0.269s] DEBUG:colcon.colcon_installed_package_information.package_discovery:Found 4 installed packages in /home/step-len02/ros2_ws/install
[0.270s] DEBUG:colcon.colcon_installed_package_information.package_discovery:Found 316 installed packages in /opt/ros/humble
[0.272s] Level 1:colcon.colcon_core.package_discovery:discover_packages(prefix_path) using defaults
[0.306s] Level 5:colcon.colcon_core.verb:set package 'client' build argument 'cmake_args' from command line to 'None'
[0.306s] Level 5:colcon.colcon_core.verb:set package 'client' build argument 'cmake_target' from command line to 'None'
[0.306s] Level 5:colcon.colcon_core.verb:set package 'client' build argument 'cmake_target_skip_unavailable' from command line to 'False'
[0.306s] Level 5:colcon.colcon_core.verb:set package 'client' build argument 'cmake_clean_cache' from command line to 'False'
[0.306s] Level 5:colcon.colcon_core.verb:set package 'client' build argument 'cmake_clean_first' from command line to 'False'
[0.306s] Level 5:colcon.colcon_core.verb:set package 'client' build argument 'cmake_force_configure' from command line to 'False'
[0.306s] Level 5:colcon.colcon_core.verb:set package 'client' build argument 'ament_cmake_args' from command line to 'None'
[0.306s] Level 5:colcon.colcon_core.verb:set package 'client' build argument 'catkin_cmake_args' from command line to 'None'
[0.306s] Level 5:colcon.colcon_core.verb:set package 'client' build argument 'catkin_skip_building_tests' from command line to 'False'
[0.306s] DEBUG:colcon.colcon_core.verb:Building package 'client' with the following arguments: {'ament_cmake_args': None, 'build_base': '/home/step-len02/my_test/build/client', 'catkin_cmake_args': None, 'catkin_skip_building_tests': False, 'cmake_args': None, 'cmake_clean_cache': False, 'cmake_clean_first': False, 'cmake_force_configure': False, 'cmake_target': None, 'cmake_target_skip_unavailable': False, 'install_base': '/home/step-len02/my_test/install/client', 'merge_install': False, 'path': '/home/step-len02/my_test/src/client', 'symlink_install': False, 'test_result_base': None}
[0.307s] Level 5:colcon.colcon_core.verb:set package 'server' build argument 'cmake_args' from command line to 'None'
[0.307s] Level 5:colcon.colcon_core.verb:set package 'server' build argument 'cmake_target' from command line to 'None'
[0.307s] Level 5:colcon.colcon_core.verb:set package 'server' build argument 'cmake_target_skip_unavailable' from command line to 'False'
[0.307s] Level 5:colcon.colcon_core.verb:set package 'server' build argument 'cmake_clean_cache' from command line to 'False'
[0.307s] Level 5:colcon.colcon_core.verb:set package 'server' build argument 'cmake_clean_first' from command line to 'False'
[0.307s] Level 5:colcon.colcon_core.verb:set package 'server' build argument 'cmake_force_configure' from command line to 'False'
[0.307s] Level 5:colcon.colcon_core.verb:set package 'server' build argument 'ament_cmake_args' from command line to 'None'
[0.307s] Level 5:colcon.colcon_core.verb:set package 'server' build argument 'catkin_cmake_args' from command line to 'None'
[0.307s] Level 5:colcon.colcon_core.verb:set package 'server' build argument 'catkin_skip_building_tests' from command line to 'False'
[0.307s] DEBUG:colcon.colcon_core.verb:Building package 'server' with the following arguments: {'ament_cmake_args': None, 'build_base': '/home/step-len02/my_test/build/server', 'catkin_cmake_args': None, 'catkin_skip_building_tests': False, 'cmake_args': None, 'cmake_clean_cache': False, 'cmake_clean_first': False, 'cmake_force_configure': False, 'cmake_target': None, 'cmake_target_skip_unavailable': False, 'install_base': '/home/step-len02/my_test/install/server', 'merge_install': False, 'path': '/home/step-len02/my_test/src/server', 'symlink_install': False, 'test_result_base': None}
[0.307s] INFO:colcon.colcon_core.executor:Executing jobs using 'parallel' executor
[0.308s] DEBUG:colcon.colcon_parallel_executor.executor.parallel:run_until_complete
[0.308s] INFO:colcon.colcon_ros.task.ament_cmake.build:Building ROS package in '/home/step-len02/my_test/src/client' with build type 'ament_cmake'
[0.308s] INFO:colcon.colcon_cmake.task.cmake.build:Building CMake package in '/home/step-len02/my_test/src/client'
[0.310s] INFO:colcon.colcon_core.plugin_system:Skipping extension 'colcon_core.shell.bat': Not used on non-Windows systems
[0.310s] INFO:colcon.colcon_core.shell:Skip shell extension 'powershell' for command environment: Not usable outside of PowerShell
[0.310s] DEBUG:colcon.colcon_core.shell:Skip shell extension 'dsv' for command environment
[0.314s] INFO:colcon.colcon_ros.task.ament_cmake.build:Building ROS package in '/home/step-len02/my_test/src/server' with build type 'ament_cmake'
[0.314s] INFO:colcon.colcon_cmake.task.cmake.build:Building CMake package in '/home/step-len02/my_test/src/server'
[0.314s] INFO:colcon.colcon_core.shell:Skip shell extension 'powershell' for command environment: Not usable outside of PowerShell
[0.314s] DEBUG:colcon.colcon_core.shell:Skip shell extension 'dsv' for command environment
[0.323s] DEBUG:colcon.colcon_core.event_handler.log_command:Invoking command in '/home/step-len02/my_test/build/client': CMAKE_PREFIX_PATH=${CMAKE_PREFIX_PATH}:/opt/ros/humble PS1=\[\e]0;$(parse_ros_workspace)\a\]\[\e[1;32m\]\u\[\[\e[0;37m\]@\[\[\e[0;33m\]\h\[\[\e[1;33m\]${text}\[\[\e[0;37m\]:\[$(set_ros_workspace_color)\]$(parse_ros_workspace)\[\[\e[0;32m\]$(parse_git_bracket)\[$(set_git_color)\]$(get_gitbranch)\[\e[0;32m\]>\[\e[1;35m\]\W\[\[\e[1;35m\]$\[\[\e[0m\]\[\e[m\] /usr/bin/cmake /home/step-len02/my_test/src/client -DCMAKE_INSTALL_PREFIX=/home/step-len02/my_test/install/client
[0.326s] DEBUG:colcon.colcon_core.event_handler.log_command:Invoking command in '/home/step-len02/my_test/build/server': CMAKE_PREFIX_PATH=${CMAKE_PREFIX_PATH}:/opt/ros/humble PS1=\[\e]0;$(parse_ros_workspace)\a\]\[\e[1;32m\]\u\[\[\e[0;37m\]@\[\[\e[0;33m\]\h\[\[\e[1;33m\]${text}\[\[\e[0;37m\]:\[$(set_ros_workspace_color)\]$(parse_ros_workspace)\[\[\e[0;32m\]$(parse_git_bracket)\[$(set_git_color)\]$(get_gitbranch)\[\e[0;32m\]>\[\e[1;35m\]\W\[\[\e[1;35m\]$\[\[\e[0m\]\[\e[m\] /usr/bin/cmake /home/step-len02/my_test/src/server -DCMAKE_INSTALL_PREFIX=/home/step-len02/my_test/install/server
[1.601s] DEBUG:colcon.colcon_core.event_handler.log_command:Invoked command in '/home/step-len02/my_test/build/client' returned '0': CMAKE_PREFIX_PATH=${CMAKE_PREFIX_PATH}:/opt/ros/humble PS1=\[\e]0;$(parse_ros_workspace)\a\]\[\e[1;32m\]\u\[\[\e[0;37m\]@\[\[\e[0;33m\]\h\[\[\e[1;33m\]${text}\[\[\e[0;37m\]:\[$(set_ros_workspace_color)\]$(parse_ros_workspace)\[\[\e[0;32m\]$(parse_git_bracket)\[$(set_git_color)\]$(get_gitbranch)\[\e[0;32m\]>\[\e[1;35m\]\W\[\[\e[1;35m\]$\[\[\e[0m\]\[\e[m\] /usr/bin/cmake /home/step-len02/my_test/src/client -DCMAKE_INSTALL_PREFIX=/home/step-len02/my_test/install/client
[1.605s] DEBUG:colcon.colcon_core.event_handler.log_command:Invoking command in '/home/step-len02/my_test/build/client': CMAKE_PREFIX_PATH=${CMAKE_PREFIX_PATH}:/opt/ros/humble PS1=\[\e]0;$(parse_ros_workspace)\a\]\[\e[1;32m\]\u\[\[\e[0;37m\]@\[\[\e[0;33m\]\h\[\[\e[1;33m\]${text}\[\[\e[0;37m\]:\[$(set_ros_workspace_color)\]$(parse_ros_workspace)\[\[\e[0;32m\]$(parse_git_bracket)\[$(set_git_color)\]$(get_gitbranch)\[\e[0;32m\]>\[\e[1;35m\]\W\[\[\e[1;35m\]$\[\[\e[0m\]\[\e[m\] /usr/bin/cmake --build /home/step-len02/my_test/build/client -- -j12 -l12
[1.653s] DEBUG:colcon.colcon_core.event_handler.log_command:Invoked command in '/home/step-len02/my_test/build/server' returned '0': CMAKE_PREFIX_PATH=${CMAKE_PREFIX_PATH}:/opt/ros/humble PS1=\[\e]0;$(parse_ros_workspace)\a\]\[\e[1;32m\]\u\[\[\e[0;37m\]@\[\[\e[0;33m\]\h\[\[\e[1;33m\]${text}\[\[\e[0;37m\]:\[$(set_ros_workspace_color)\]$(parse_ros_workspace)\[\[\e[0;32m\]$(parse_git_bracket)\[$(set_git_color)\]$(get_gitbranch)\[\e[0;32m\]>\[\e[1;35m\]\W\[\[\e[1;35m\]$\[\[\e[0m\]\[\e[m\] /usr/bin/cmake /home/step-len02/my_test/src/server -DCMAKE_INSTALL_PREFIX=/home/step-len02/my_test/install/server
[1.655s] DEBUG:colcon.colcon_core.event_handler.log_command:Invoking command in '/home/step-len02/my_test/build/server': CMAKE_PREFIX_PATH=${CMAKE_PREFIX_PATH}:/opt/ros/humble PS1=\[\e]0;$(parse_ros_workspace)\a\]\[\e[1;32m\]\u\[\[\e[0;37m\]@\[\[\e[0;33m\]\h\[\[\e[1;33m\]${text}\[\[\e[0;37m\]:\[$(set_ros_workspace_color)\]$(parse_ros_workspace)\[\[\e[0;32m\]$(parse_git_bracket)\[$(set_git_color)\]$(get_gitbranch)\[\e[0;32m\]>\[\e[1;35m\]\W\[\[\e[1;35m\]$\[\[\e[0m\]\[\e[m\] /usr/bin/cmake --build /home/step-len02/my_test/build/server -- -j12 -l12
[4.381s] DEBUG:colcon.colcon_core.event_handler.log_command:Invoked command in '/home/step-len02/my_test/build/client' returned '0': CMAKE_PREFIX_PATH=${CMAKE_PREFIX_PATH}:/opt/ros/humble PS1=\[\e]0;$(parse_ros_workspace)\a\]\[\e[1;32m\]\u\[\[\e[0;37m\]@\[\[\e[0;33m\]\h\[\[\e[1;33m\]${text}\[\[\e[0;37m\]:\[$(set_ros_workspace_color)\]$(parse_ros_workspace)\[\[\e[0;32m\]$(parse_git_bracket)\[$(set_git_color)\]$(get_gitbranch)\[\e[0;32m\]>\[\e[1;35m\]\W\[\[\e[1;35m\]$\[\[\e[0m\]\[\e[m\] /usr/bin/cmake --build /home/step-len02/my_test/build/client -- -j12 -l12
[4.403s] DEBUG:colcon.colcon_core.event_handler.log_command:Invoking command in '/home/step-len02/my_test/build/client': CMAKE_PREFIX_PATH=${CMAKE_PREFIX_PATH}:/opt/ros/humble PS1=\[\e]0;$(parse_ros_workspace)\a\]\[\e[1;32m\]\u\[\[\e[0;37m\]@\[\[\e[0;33m\]\h\[\[\e[1;33m\]${text}\[\[\e[0;37m\]:\[$(set_ros_workspace_color)\]$(parse_ros_workspace)\[\[\e[0;32m\]$(parse_git_bracket)\[$(set_git_color)\]$(get_gitbranch)\[\e[0;32m\]>\[\e[1;35m\]\W\[\[\e[1;35m\]$\[\[\e[0m\]\[\e[m\] /usr/bin/cmake --install /home/step-len02/my_test/build/client
[4.414s] Level 1:colcon.colcon_core.environment:create_environment_scripts_only(client)
[4.415s] DEBUG:colcon.colcon_core.event_handler.log_command:Invoked command in '/home/step-len02/my_test/build/client' returned '0': CMAKE_PREFIX_PATH=${CMAKE_PREFIX_PATH}:/opt/ros/humble PS1=\[\e]0;$(parse_ros_workspace)\a\]\[\e[1;32m\]\u\[\[\e[0;37m\]@\[\[\e[0;33m\]\h\[\[\e[1;33m\]${text}\[\[\e[0;37m\]:\[$(set_ros_workspace_color)\]$(parse_ros_workspace)\[\[\e[0;32m\]$(parse_git_bracket)\[$(set_git_color)\]$(get_gitbranch)\[\e[0;32m\]>\[\e[1;35m\]\W\[\[\e[1;35m\]$\[\[\e[0m\]\[\e[m\] /usr/bin/cmake --install /home/step-len02/my_test/build/client
[4.419s] Level 1:colcon.colcon_core.environment:checking '/home/step-len02/my_test/install/client' for CMake module files
[4.420s] Level 1:colcon.colcon_core.environment:checking '/home/step-len02/my_test/install/client' for CMake config files
[4.421s] Level 1:colcon.colcon_core.shell:create_environment_hook('client', 'cmake_prefix_path')
[4.421s] INFO:colcon.colcon_core.shell:Creating environment hook '/home/step-len02/my_test/install/client/share/client/hook/cmake_prefix_path.ps1'
[4.423s] INFO:colcon.colcon_core.shell:Creating environment descriptor '/home/step-len02/my_test/install/client/share/client/hook/cmake_prefix_path.dsv'
[4.424s] INFO:colcon.colcon_core.shell:Creating environment hook '/home/step-len02/my_test/install/client/share/client/hook/cmake_prefix_path.sh'
[4.426s] Level 1:colcon.colcon_core.environment:checking '/home/step-len02/my_test/install/client/lib'
[4.426s] Level 1:colcon.colcon_core.environment:checking '/home/step-len02/my_test/install/client/bin'
[4.426s] Level 1:colcon.colcon_core.environment:checking '/home/step-len02/my_test/install/client/lib/pkgconfig/client.pc'
[4.427s] Level 1:colcon.colcon_core.environment:checking '/home/step-len02/my_test/install/client/lib/python3.10/site-packages'
[4.427s] Level 1:colcon.colcon_core.environment:checking '/home/step-len02/my_test/install/client/bin'
[4.428s] INFO:colcon.colcon_core.shell:Creating package script '/home/step-len02/my_test/install/client/share/client/package.ps1'
[4.430s] INFO:colcon.colcon_core.shell:Creating package descriptor '/home/step-len02/my_test/install/client/share/client/package.dsv'
[4.431s] INFO:colcon.colcon_core.shell:Creating package script '/home/step-len02/my_test/install/client/share/client/package.sh'
[4.433s] INFO:colcon.colcon_core.shell:Creating package script '/home/step-len02/my_test/install/client/share/client/package.bash'
[4.434s] INFO:colcon.colcon_core.shell:Creating package script '/home/step-len02/my_test/install/client/share/client/package.zsh'
[4.436s] Level 1:colcon.colcon_core.environment:create_file_with_runtime_dependencies(/home/step-len02/my_test/install/client/share/colcon-core/packages/client)
[4.437s] Level 1:colcon.colcon_core.environment:create_environment_scripts_only(client)
[4.438s] Level 1:colcon.colcon_core.environment:checking '/home/step-len02/my_test/install/client' for CMake module files
[4.439s] Level 1:colcon.colcon_core.environment:checking '/home/step-len02/my_test/install/client' for CMake config files
[4.439s] Level 1:colcon.colcon_core.shell:create_environment_hook('client', 'cmake_prefix_path')
[4.440s] INFO:colcon.colcon_core.shell:Creating environment hook '/home/step-len02/my_test/install/client/share/client/hook/cmake_prefix_path.ps1'
[4.441s] INFO:colcon.colcon_core.shell:Creating environment descriptor '/home/step-len02/my_test/install/client/share/client/hook/cmake_prefix_path.dsv'
[4.441s] INFO:colcon.colcon_core.shell:Creating environment hook '/home/step-len02/my_test/install/client/share/client/hook/cmake_prefix_path.sh'
[4.443s] Level 1:colcon.colcon_core.environment:checking '/home/step-len02/my_test/install/client/lib'
[4.443s] Level 1:colcon.colcon_core.environment:checking '/home/step-len02/my_test/install/client/bin'
[4.443s] Level 1:colcon.colcon_core.environment:checking '/home/step-len02/my_test/install/client/lib/pkgconfig/client.pc'
[4.443s] Level 1:colcon.colcon_core.environment:checking '/home/step-len02/my_test/install/client/lib/python3.10/site-packages'
[4.444s] Level 1:colcon.colcon_core.environment:checking '/home/step-len02/my_test/install/client/bin'
[4.445s] INFO:colcon.colcon_core.shell:Creating package script '/home/step-len02/my_test/install/client/share/client/package.ps1'
[4.446s] INFO:colcon.colcon_core.shell:Creating package descriptor '/home/step-len02/my_test/install/client/share/client/package.dsv'
[4.447s] INFO:colcon.colcon_core.shell:Creating package script '/home/step-len02/my_test/install/client/share/client/package.sh'
[4.448s] INFO:colcon.colcon_core.shell:Creating package script '/home/step-len02/my_test/install/client/share/client/package.bash'
[4.449s] INFO:colcon.colcon_core.shell:Creating package script '/home/step-len02/my_test/install/client/share/client/package.zsh'
[4.450s] Level 1:colcon.colcon_core.environment:create_file_with_runtime_dependencies(/home/step-len02/my_test/install/client/share/colcon-core/packages/client)
[4.453s] DEBUG:colcon.colcon_core.event_handler.log_command:Invoked command in '/home/step-len02/my_test/build/server' returned '0': CMAKE_PREFIX_PATH=${CMAKE_PREFIX_PATH}:/opt/ros/humble PS1=\[\e]0;$(parse_ros_workspace)\a\]\[\e[1;32m\]\u\[\[\e[0;37m\]@\[\[\e[0;33m\]\h\[\[\e[1;33m\]${text}\[\[\e[0;37m\]:\[$(set_ros_workspace_color)\]$(parse_ros_workspace)\[\[\e[0;32m\]$(parse_git_bracket)\[$(set_git_color)\]$(get_gitbranch)\[\e[0;32m\]>\[\e[1;35m\]\W\[\[\e[1;35m\]$\[\[\e[0m\]\[\e[m\] /usr/bin/cmake --build /home/step-len02/my_test/build/server -- -j12 -l12
[4.456s] DEBUG:colcon.colcon_core.event_handler.log_command:Invoking command in '/home/step-len02/my_test/build/server': CMAKE_PREFIX_PATH=${CMAKE_PREFIX_PATH}:/opt/ros/humble PS1=\[\e]0;$(parse_ros_workspace)\a\]\[\e[1;32m\]\u\[\[\e[0;37m\]@\[\[\e[0;33m\]\h\[\[\e[1;33m\]${text}\[\[\e[0;37m\]:\[$(set_ros_workspace_color)\]$(parse_ros_workspace)\[\[\e[0;32m\]$(parse_git_bracket)\[$(set_git_color)\]$(get_gitbranch)\[\e[0;32m\]>\[\e[1;35m\]\W\[\[\e[1;35m\]$\[\[\e[0m\]\[\e[m\] /usr/bin/cmake --install /home/step-len02/my_test/build/server
[4.483s] Level 1:colcon.colcon_core.environment:create_environment_scripts_only(server)
[4.483s] Level 1:colcon.colcon_core.environment:checking '/home/step-len02/my_test/install/server' for CMake module files
[4.484s] DEBUG:colcon.colcon_core.event_handler.log_command:Invoked command in '/home/step-len02/my_test/build/server' returned '0': CMAKE_PREFIX_PATH=${CMAKE_PREFIX_PATH}:/opt/ros/humble PS1=\[\e]0;$(parse_ros_workspace)\a\]\[\e[1;32m\]\u\[\[\e[0;37m\]@\[\[\e[0;33m\]\h\[\[\e[1;33m\]${text}\[\[\e[0;37m\]:\[$(set_ros_workspace_color)\]$(parse_ros_workspace)\[\[\e[0;32m\]$(parse_git_bracket)\[$(set_git_color)\]$(get_gitbranch)\[\e[0;32m\]>\[\e[1;35m\]\W\[\[\e[1;35m\]$\[\[\e[0m\]\[\e[m\] /usr/bin/cmake --install /home/step-len02/my_test/build/server
[4.485s] Level 1:colcon.colcon_core.environment:checking '/home/step-len02/my_test/install/server' for CMake config files
[4.486s] Level 1:colcon.colcon_core.shell:create_environment_hook('server', 'cmake_prefix_path')
[4.486s] INFO:colcon.colcon_core.shell:Creating environment hook '/home/step-len02/my_test/install/server/share/server/hook/cmake_prefix_path.ps1'
[4.487s] INFO:colcon.colcon_core.shell:Creating environment descriptor '/home/step-len02/my_test/install/server/share/server/hook/cmake_prefix_path.dsv'
[4.487s] INFO:colcon.colcon_core.shell:Creating environment hook '/home/step-len02/my_test/install/server/share/server/hook/cmake_prefix_path.sh'
[4.488s] Level 1:colcon.colcon_core.environment:checking '/home/step-len02/my_test/install/server/lib'
[4.489s] Level 1:colcon.colcon_core.environment:checking '/home/step-len02/my_test/install/server/bin'
[4.489s] Level 1:colcon.colcon_core.environment:checking '/home/step-len02/my_test/install/server/lib/pkgconfig/server.pc'
[4.489s] Level 1:colcon.colcon_core.environment:checking '/home/step-len02/my_test/install/server/lib/python3.10/site-packages'
[4.490s] Level 1:colcon.colcon_core.environment:checking '/home/step-len02/my_test/install/server/bin'
[4.491s] INFO:colcon.colcon_core.shell:Creating package script '/home/step-len02/my_test/install/server/share/server/package.ps1'
[4.491s] INFO:colcon.colcon_core.shell:Creating package descriptor '/home/step-len02/my_test/install/server/share/server/package.dsv'
[4.492s] INFO:colcon.colcon_core.shell:Creating package script '/home/step-len02/my_test/install/server/share/server/package.sh'
[4.493s] INFO:colcon.colcon_core.shell:Creating package script '/home/step-len02/my_test/install/server/share/server/package.bash'
[4.493s] INFO:colcon.colcon_core.shell:Creating package script '/home/step-len02/my_test/install/server/share/server/package.zsh'
[4.494s] Level 1:colcon.colcon_core.environment:create_file_with_runtime_dependencies(/home/step-len02/my_test/install/server/share/colcon-core/packages/server)
[4.495s] Level 1:colcon.colcon_core.environment:create_environment_scripts_only(server)
[4.496s] Level 1:colcon.colcon_core.environment:checking '/home/step-len02/my_test/install/server' for CMake module files
[4.497s] Level 1:colcon.colcon_core.environment:checking '/home/step-len02/my_test/install/server' for CMake config files
[4.497s] Level 1:colcon.colcon_core.shell:create_environment_hook('server', 'cmake_prefix_path')
[4.497s] INFO:colcon.colcon_core.shell:Creating environment hook '/home/step-len02/my_test/install/server/share/server/hook/cmake_prefix_path.ps1'
[4.498s] INFO:colcon.colcon_core.shell:Creating environment descriptor '/home/step-len02/my_test/install/server/share/server/hook/cmake_prefix_path.dsv'
[4.499s] INFO:colcon.colcon_core.shell:Creating environment hook '/home/step-len02/my_test/install/server/share/server/hook/cmake_prefix_path.sh'
[4.500s] Level 1:colcon.colcon_core.environment:checking '/home/step-len02/my_test/install/server/lib'
[4.500s] Level 1:colcon.colcon_core.environment:checking '/home/step-len02/my_test/install/server/bin'
[4.500s] Level 1:colcon.colcon_core.environment:checking '/home/step-len02/my_test/install/server/lib/pkgconfig/server.pc'
[4.500s] Level 1:colcon.colcon_core.environment:checking '/home/step-len02/my_test/install/server/lib/python3.10/site-packages'
[4.501s] Level 1:colcon.colcon_core.environment:checking '/home/step-len02/my_test/install/server/bin'
[4.502s] INFO:colcon.colcon_core.shell:Creating package script '/home/step-len02/my_test/install/server/share/server/package.ps1'
[4.503s] INFO:colcon.colcon_core.shell:Creating package descriptor '/home/step-len02/my_test/install/server/share/server/package.dsv'
[4.504s] INFO:colcon.colcon_core.shell:Creating package script '/home/step-len02/my_test/install/server/share/server/package.sh'
[4.504s] INFO:colcon.colcon_core.shell:Creating package script '/home/step-len02/my_test/install/server/share/server/package.bash'
[4.505s] INFO:colcon.colcon_core.shell:Creating package script '/home/step-len02/my_test/install/server/share/server/package.zsh'
[4.506s] Level 1:colcon.colcon_core.environment:create_file_with_runtime_dependencies(/home/step-len02/my_test/install/server/share/colcon-core/packages/server)
[4.507s] DEBUG:colcon.colcon_parallel_executor.executor.parallel:closing loop
[4.507s] DEBUG:colcon.colcon_parallel_executor.executor.parallel:loop closed
[4.507s] DEBUG:colcon.colcon_parallel_executor.executor.parallel:run_until_complete finished with '0'
[4.508s] DEBUG:colcon.colcon_core.event_reactor:joining thread
[4.518s] INFO:colcon.colcon_core.plugin_system:Skipping extension 'colcon_notification.desktop_notification.terminal_notifier': Not used on non-Darwin systems
[4.518s] INFO:colcon.colcon_core.plugin_system:Skipping extension 'colcon_notification.desktop_notification.win32': Not used on non-Windows systems
[4.518s] INFO:colcon.colcon_notification.desktop_notification:Sending desktop notification using 'notify2'
[4.539s] DEBUG:colcon.colcon_core.event_reactor:joined thread
[4.540s] INFO:colcon.colcon_core.shell:Creating prefix script '/home/step-len02/my_test/install/local_setup.ps1'
[4.543s] INFO:colcon.colcon_core.shell:Creating prefix util module '/home/step-len02/my_test/install/_local_setup_util_ps1.py'
[4.546s] INFO:colcon.colcon_core.shell:Creating prefix chain script '/home/step-len02/my_test/install/setup.ps1'
[4.549s] INFO:colcon.colcon_core.shell:Creating prefix script '/home/step-len02/my_test/install/local_setup.sh'
[4.550s] INFO:colcon.colcon_core.shell:Creating prefix util module '/home/step-len02/my_test/install/_local_setup_util_sh.py'
[4.551s] INFO:colcon.colcon_core.shell:Creating prefix chain script '/home/step-len02/my_test/install/setup.sh'
[4.554s] INFO:colcon.colcon_core.shell:Creating prefix script '/home/step-len02/my_test/install/local_setup.bash'
[4.555s] INFO:colcon.colcon_core.shell:Creating prefix chain script '/home/step-len02/my_test/install/setup.bash'
[4.557s] INFO:colcon.colcon_core.shell:Creating prefix script '/home/step-len02/my_test/install/local_setup.zsh'
[4.558s] INFO:colcon.colcon_core.shell:Creating prefix chain script '/home/step-len02/my_test/install/setup.zsh'
