[0.014s] Invoking command in '/home/step-len02/my_test/build/client': CMAKE_PREFIX_PATH=${CMAKE_PREFIX_PATH}:/opt/ros/humble PS1=\[\e]0;$(parse_ros_workspace)\a\]\[\e[1;32m\]\u\[\[\e[0;37m\]@\[\[\e[0;33m\]\h\[\[\e[1;33m\]${text}\[\[\e[0;37m\]:\[$(set_ros_workspace_color)\]$(parse_ros_workspace)\[\[\e[0;32m\]$(parse_git_bracket)\[$(set_git_color)\]$(get_gitbranch)\[\e[0;32m\]>\[\e[1;35m\]\W\[\[\e[1;35m\]$\[\[\e[0m\]\[\e[m\] /usr/bin/cmake /home/step-len02/my_test/src/client -DCMAKE_INSTALL_PREFIX=/home/step-len02/my_test/install/client
[0.083s] -- The C compiler identification is GNU 11.4.0
[0.142s] -- The CXX compiler identification is GNU 11.4.0
[0.156s] -- Detecting C compiler ABI info
[0.240s] -- Detecting C compiler ABI info - done
[0.247s] -- Check for working C compiler: /usr/bin/cc - skipped
[0.247s] -- Detecting C compile features
[0.247s] -- Detecting C compile features - done
[0.250s] -- Detecting CXX compiler ABI info
[0.350s] -- Detecting CXX compiler ABI info - done
[0.357s] -- Check for working CXX compiler: /usr/bin/c++ - skipped
[0.357s] -- Detecting CXX compile features
[0.358s] -- Detecting CXX compile features - done
[0.360s] -- Found ament_cmake: 1.3.12 (/opt/ros/humble/share/ament_cmake/cmake)
[0.507s] -- Found Python3: /usr/bin/python3 (found version "3.10.12") found components: Interpreter
[0.626s] -- Found rclcpp: 16.0.15 (/opt/ros/humble/share/rclcpp/cmake)
[0.665s] -- Found rosidl_generator_c: 3.1.7 (/opt/ros/humble/share/rosidl_generator_c/cmake)
[0.670s] -- Found rosidl_adapter: 3.1.7 (/opt/ros/humble/share/rosidl_adapter/cmake)
[0.678s] -- Found rosidl_generator_cpp: 3.1.7 (/opt/ros/humble/share/rosidl_generator_cpp/cmake)
[0.689s] -- Using all available rosidl_typesupport_c: rosidl_typesupport_fastrtps_c;rosidl_typesupport_introspection_c
[0.704s] -- Using all available rosidl_typesupport_cpp: rosidl_typesupport_fastrtps_cpp;rosidl_typesupport_introspection_cpp
[0.745s] -- Found rmw_implementation_cmake: 6.1.2 (/opt/ros/humble/share/rmw_implementation_cmake/cmake)
[0.748s] -- Found rmw_fastrtps_cpp: 6.2.9 (/opt/ros/humble/share/rmw_fastrtps_cpp/cmake)
[0.857s] -- Found OpenSSL: /usr/lib/x86_64-linux-gnu/libcrypto.so (found version "3.0.2")
[0.884s] -- Found FastRTPS: /opt/ros/humble/include
[0.929s] -- Using RMW implementation 'rmw_fastrtps_cpp' as default
[0.938s] -- Looking for pthread.h
[1.060s] -- Looking for pthread.h - found
[1.060s] -- Performing Test CMAKE_HAVE_LIBC_PTHREAD
[1.139s] -- Performing Test CMAKE_HAVE_LIBC_PTHREAD - Success
[1.139s] -- Found Threads: TRUE
[1.186s] -- Found ament_lint_auto: 0.12.14 (/opt/ros/humble/share/ament_lint_auto/cmake)
[1.268s] -- Added test 'cppcheck' to perform static code analysis on C / C++ code
[1.268s] -- Configured cppcheck include dirs:
[1.269s] -- Configured cppcheck exclude dirs and/or files:
[1.269s] -- Added test 'lint_cmake' to check CMake code style
[1.270s] -- Added test 'uncrustify' to check C / C++ code style
[1.270s] -- Configured uncrustify additional arguments:
[1.270s] -- Added test 'xmllint' to check XML markup files
[1.272s] -- Configuring done
[1.280s] -- Generating done
[1.284s] -- Build files have been written to: /home/step-len02/my_test/build/client
[1.292s] Invoked command in '/home/step-len02/my_test/build/client' returned '0': CMAKE_PREFIX_PATH=${CMAKE_PREFIX_PATH}:/opt/ros/humble PS1=\[\e]0;$(parse_ros_workspace)\a\]\[\e[1;32m\]\u\[\[\e[0;37m\]@\[\[\e[0;33m\]\h\[\[\e[1;33m\]${text}\[\[\e[0;37m\]:\[$(set_ros_workspace_color)\]$(parse_ros_workspace)\[\[\e[0;32m\]$(parse_git_bracket)\[$(set_git_color)\]$(get_gitbranch)\[\e[0;32m\]>\[\e[1;35m\]\W\[\[\e[1;35m\]$\[\[\e[0m\]\[\e[m\] /usr/bin/cmake /home/step-len02/my_test/src/client -DCMAKE_INSTALL_PREFIX=/home/step-len02/my_test/install/client
[1.295s] Invoking command in '/home/step-len02/my_test/build/client': CMAKE_PREFIX_PATH=${CMAKE_PREFIX_PATH}:/opt/ros/humble PS1=\[\e]0;$(parse_ros_workspace)\a\]\[\e[1;32m\]\u\[\[\e[0;37m\]@\[\[\e[0;33m\]\h\[\[\e[1;33m\]${text}\[\[\e[0;37m\]:\[$(set_ros_workspace_color)\]$(parse_ros_workspace)\[\[\e[0;32m\]$(parse_git_bracket)\[$(set_git_color)\]$(get_gitbranch)\[\e[0;32m\]>\[\e[1;35m\]\W\[\[\e[1;35m\]$\[\[\e[0m\]\[\e[m\] /usr/bin/cmake --build /home/step-len02/my_test/build/client -- -j12 -l12
[1.358s] [ 50%] [32mBuilding CXX object CMakeFiles/client_node.dir/src/client.cpp.o[0m
[3.913s] [100%] [32m[1mLinking CXX executable client_node[0m
[4.049s] [100%] Built target client_node
[4.072s] Invoked command in '/home/step-len02/my_test/build/client' returned '0': CMAKE_PREFIX_PATH=${CMAKE_PREFIX_PATH}:/opt/ros/humble PS1=\[\e]0;$(parse_ros_workspace)\a\]\[\e[1;32m\]\u\[\[\e[0;37m\]@\[\[\e[0;33m\]\h\[\[\e[1;33m\]${text}\[\[\e[0;37m\]:\[$(set_ros_workspace_color)\]$(parse_ros_workspace)\[\[\e[0;32m\]$(parse_git_bracket)\[$(set_git_color)\]$(get_gitbranch)\[\e[0;32m\]>\[\e[1;35m\]\W\[\[\e[1;35m\]$\[\[\e[0m\]\[\e[m\] /usr/bin/cmake --build /home/step-len02/my_test/build/client -- -j12 -l12
[4.093s] Invoking command in '/home/step-len02/my_test/build/client': CMAKE_PREFIX_PATH=${CMAKE_PREFIX_PATH}:/opt/ros/humble PS1=\[\e]0;$(parse_ros_workspace)\a\]\[\e[1;32m\]\u\[\[\e[0;37m\]@\[\[\e[0;33m\]\h\[\[\e[1;33m\]${text}\[\[\e[0;37m\]:\[$(set_ros_workspace_color)\]$(parse_ros_workspace)\[\[\e[0;32m\]$(parse_git_bracket)\[$(set_git_color)\]$(get_gitbranch)\[\e[0;32m\]>\[\e[1;35m\]\W\[\[\e[1;35m\]$\[\[\e[0m\]\[\e[m\] /usr/bin/cmake --install /home/step-len02/my_test/build/client
[4.100s] -- Install configuration: ""
[4.100s] -- Installing: /home/step-len02/my_test/install/client/lib/client/client_node
[4.101s] -- Set runtime path of "/home/step-len02/my_test/install/client/lib/client/client_node" to ""
[4.101s] -- Installing: /home/step-len02/my_test/install/client/share/ament_index/resource_index/package_run_dependencies/client
[4.101s] -- Installing: /home/step-len02/my_test/install/client/share/ament_index/resource_index/parent_prefix_path/client
[4.101s] -- Installing: /home/step-len02/my_test/install/client/share/client/environment/ament_prefix_path.sh
[4.101s] -- Installing: /home/step-len02/my_test/install/client/share/client/environment/ament_prefix_path.dsv
[4.102s] -- Installing: /home/step-len02/my_test/install/client/share/client/environment/path.sh
[4.102s] -- Installing: /home/step-len02/my_test/install/client/share/client/environment/path.dsv
[4.102s] -- Installing: /home/step-len02/my_test/install/client/share/client/local_setup.bash
[4.102s] -- Installing: /home/step-len02/my_test/install/client/share/client/local_setup.sh
[4.102s] -- Installing: /home/step-len02/my_test/install/client/share/client/local_setup.zsh
[4.102s] -- Installing: /home/step-len02/my_test/install/client/share/client/local_setup.dsv
[4.102s] -- Installing: /home/step-len02/my_test/install/client/share/client/package.dsv
[4.103s] -- Installing: /home/step-len02/my_test/install/client/share/ament_index/resource_index/packages/client
[4.103s] -- Installing: /home/step-len02/my_test/install/client/share/client/cmake/clientConfig.cmake
[4.103s] -- Installing: /home/step-len02/my_test/install/client/share/client/cmake/clientConfig-version.cmake
[4.103s] -- Installing: /home/step-len02/my_test/install/client/share/client/package.xml
[4.106s] Invoked command in '/home/step-len02/my_test/build/client' returned '0': CMAKE_PREFIX_PATH=${CMAKE_PREFIX_PATH}:/opt/ros/humble PS1=\[\e]0;$(parse_ros_workspace)\a\]\[\e[1;32m\]\u\[\[\e[0;37m\]@\[\[\e[0;33m\]\h\[\[\e[1;33m\]${text}\[\[\e[0;37m\]:\[$(set_ros_workspace_color)\]$(parse_ros_workspace)\[\[\e[0;32m\]$(parse_git_bracket)\[$(set_git_color)\]$(get_gitbranch)\[\e[0;32m\]>\[\e[1;35m\]\W\[\[\e[1;35m\]$\[\[\e[0m\]\[\e[m\] /usr/bin/cmake --install /home/step-len02/my_test/build/client
